
> frontend@0.0.0 build
> vite build

[36mvite v7.3.1 [32mbuilding client environment for production...[36m[39m
transforming...
node.exe : 
[33m[plugin 
vite:esbuild] src/pages
/MyExpenses.jsx: 
[33mThis case clause 
will never be 
evaluated because it 
duplicates an earlier 
case clause[33m
At line:1 char:1
+ & "C:\Program 
Files\nodejs/node.exe" 
"C:\Program 
Files\nodejs/node_mo 
...
+ ~~~~~~~~~~~~~~~~~~~~~
~~~~~~~~~~~~~~~~~~~~~~~
~~~~~~~~~~~~~~~~~~~~~~~
~~
    + CategoryInfo     
         : NotSpecifi  
  ed: ([33m[plugin    
 vi...ase clause[3    
3m:String) [], Rem    
oteException
    + FullyQualifiedEr 
   rorId : NativeComm  
  andError
 
75 |              case 
'REJECTED': return 
'bg-red-500/20 
text-red-400 border 
border-red-500/50';
76 |              case 
'FLAGGED': return 
'bg-yellow-500/20 
text-yellow-400 border 
border-yellow-500/50';
77 |              case 
'FLAGGED': return 
'bg-yellow-500/20 
text-yellow-400 border 
border-yellow-500/50';
   |                   
^
78 |              case 
'SUBMITTED': return 
'bg-blue-500/20 
text-blue-400 border 
border-blue-500/50';
79 |              case 
'REQUIRES_ACKNOWLEDGMEN
T': return 
'bg-orange-500/20 
text-orange-400 border 
border-orange-500/50';
[39m
[32mÔ£ô[39m 2849 modules transformed.
rendering chunks...
computing gzip size...
[2mdist/[22m[32mindex.html                 [39m[1m[2m  0.46 kB[22m[1m[22m[2m Ôöé gzip:   0.30 kB[22m
[2mdist/[22m[35massets/index-BuNQ6A0o.css  [39m[1m[2m 38.93 kB[22m[1m[22m[2m Ôöé gzip:   7.16 kB[22m
[2mdist/[22m[36massets/index-PzHUJgsX.js   [39m[1m[33m951.27 kB[39m[22m[2m Ôöé gzip: 284.21 kB[22m
[33m
(!) Some chunks are 
larger than 500 kB 
after minification. 
Consider:
- Using dynamic 
import() to code-split 
the application
- Use build.rollupOptio
ns.output.manualChunks 
to improve chunking: ht
tps://rollupjs.org/conf
iguration-options/#outp
ut-manualchunks
- Adjust chunk size 
limit for this warning 
via build.chunkSizeWarn
ingLimit.[39m
[32mÔ£ô built in 11.35s[39m
